
Allocating common symbols
Common symbol       size              file

g_heap              0x4               lib/malloc.o

Discarded input sections

 .drectve       0x00000000       0x18 lib/malloc.o

Memory Configuration

Name             Origin             Length             Attributes
*default*        0x00000000         0xffffffff

Linker script and memory map

                0x00400000                __image_base__ = 0x400000
                0x00000000                __dll__ = 0x0
                0x00400000                ___ImageBase = 0x400000
                0x00001000                __section_alignment__ = 0x1000
                0x00000200                __file_alignment__ = 0x200
                0x00000004                __major_os_version__ = 0x4
                0x00000000                __minor_os_version__ = 0x0
                0x00000001                __major_image_version__ = 0x1
                0x00000000                __minor_image_version__ = 0x0
                0x00000004                __major_subsystem_version__ = 0x4
                0x00000000                __minor_subsystem_version__ = 0x0
                0x00000003                __subsystem__ = 0x3
                0x00200000                __size_of_stack_reserve__ = 0x200000
                0x00001000                __size_of_stack_commit__ = 0x1000
                0x00100000                __size_of_heap_reserve__ = 0x100000
                0x00001000                __size_of_heap_commit__ = 0x1000
                0x00000000                __loader_flags__ = 0x0
                0x00000000                __dll_characteristics__ = 0x0
LOAD lib/crt0.o
LOAD lib/setjmp.o
LOAD lib/syscall-wrapper.o
LOAD vm86call.o
LOAD graphics.o
LOAD main.o
LOAD lib/sysconf.o
LOAD lib/math.o
LOAD lib/stdio.o
LOAD lib/stdlib.o
LOAD lib/qsort.o
LOAD ../lib/softfloat.o
LOAD ../lib/string.o
LOAD ../lib/memcpy.o
LOAD ../lib/memset.o
LOAD ../lib/snprintf.o
LOAD lib/malloc.o
LOAD ../lib/tlsf/tlsf.o
                0x00000380                . = SIZEOF_HEADERS
                0x00001000                . = ALIGN (__section_alignment__)

.text           0x00401000     0x5000
 *(.init)
 *(.text)
 .text          0x00401000        0x8 lib/crt0.o
                0x00401000                start
 .text          0x00401008       0x38 lib/setjmp.o
                0x00401008                setjmp
                0x00401022                longjmp
 .text          0x00401040       0x90 lib/syscall-wrapper.o
                0x00401040                task_exit
                0x00401048                task_create
                0x00401050                task_getid
                0x00401058                task_yield
                0x00401060                task_wait
                0x00401068                reboot
                0x00401070                mmap
                0x00401078                munmap
                0x00401080                sleep
                0x00401088                nanosleep
                0x00401090                beep
                0x00401098                vm86
                0x004010a0                putchar
                0x004010a8                getchar
                0x004010b0                recv
                0x004010b8                send
                0x004010c0                ioctl
                0x004010c8                time
 .text          0x004010d0      0x13c vm86call.o
                0x004010d0                vm86call
 .text          0x0040120c      0xba0 graphics.o
                0x004013e4                list_graphic_modes
                0x004015e8                init_graphic
                0x0040192c                exit_graphic
                0x00401974                setPixel
                0x00401c64                line
 .text          0x00401dac       0x50 main.o
                0x00401dac                __main
 .text          0x00401dfc       0x18 lib/sysconf.o
                0x00401dfc                sysconf
 .text          0x00401e14      0x398 lib/math.o
                0x00401e14                fabs
                0x00401e28                floor
                0x00401e70                ceil
                0x00401ecc                sin
                0x00401ed4                cos
                0x00401edc                sqrt
                0x00401ee4                log2
                0x00401ef4                atan2
                0x00401f04                tan
                0x00401f10                cot
                0x00401f1c                pow
                0x00401f8c                exp
                0x00401fd0                log
                0x00401fe4                atan
 .text          0x004021ac      0x18c lib/stdio.o
                0x004021ac                printf
                0x00402204                fprintf
                0x0040225c                vprintf
                0x004022b4                vfprintf
                0x004022c8                vsprintf
                0x004022f4                sprintf
                0x00402320                fputc
 .text          0x00402338      0x694 lib/stdlib.o
                0x00402338                exit
                0x00402340                ldiv
                0x0040235c                div
                0x00402378                rand_r
                0x00402418                rand
                0x004024d4                srand
                0x004024e0                strtol
                0x00402700                strtoul
                0x0040296c                atol
                0x00402990                strdup
 .text          0x004029cc      0x840 lib/qsort.o
                0x004029cc                qsort
 .text          0x0040320c      0x224 ../lib/softfloat.o
                0x0040320c                __udivmoddi4
                0x004032c4                __divdi3
                0x0040332c                __moddi3
                0x004033b0                __udivdi3
                0x004033e4                __umoddi3
 .text          0x00403430      0x358 ../lib/string.o
                0x00403430                memcmp
                0x00403458                memmove
                0x004034a8                memchr
                0x004034d0                strcat
                0x004034f4                strcmp
                0x00403520                strncmp
                0x0040356c                strchr
                0x00403590                strrchr
                0x004035b4                strstr
                0x00403654                strcpy
                0x00403674                strlen
                0x0040368c                strncpy
                0x004036d0                strcasecmp
                0x00403718                strncasecmp
 .text          0x00403788      0x530 ../lib/memcpy.o
                0x00403788                memcpy
 .text          0x00403cb8       0x9c ../lib/memset.o
                0x00403cb8                memset
 .text          0x00403d54     0x1680 ../lib/snprintf.o
                0x00404cb8                vsnprintf
                0x004053a8                snprintf
 .text          0x004053d4       0xb8 lib/malloc.o
                0x004053d4                malloc
                0x004053f0                calloc
                0x00405428                memalign
                0x0040544c                realloc
                0x00405470                free
 .text          0x0040548c      0x9b4 ../lib/tlsf/tlsf.o
                0x00405808                tlsf_check
                0x0040590c                tlsf_walk_pool
                0x00405978                tlsf_block_size
                0x0040598c                tlsf_check_pool
                0x004059c4                tlsf_size
                0x004059cc                tlsf_align_size
                0x004059d4                tlsf_block_size_min
                0x004059dc                tlsf_block_size_max
                0x004059e4                tlsf_pool_overhead
                0x004059ec                tlsf_alloc_overhead
                0x004059f4                tlsf_add_pool
                0x00405a44                tlsf_remove_pool
                0x00405a8c                tlsf_create
                0x00405ad8                tlsf_create_with_pool
                0x00405b54                tlsf_destroy
                0x00405b58                tlsf_get_pool
                0x00405b64                tlsf_malloc
                0x00405b90                tlsf_memalign
                0x00405c70                tlsf_free
                0x00405ce4                tlsf_realloc
 *(SORT(.text$*))
 *(.text.*)
 .text.startup  0x00405e40       0x50 main.o
                0x00405e40                main
 *(.gnu.linkonce.t.*)
 *(.glue_7t)
 *(.glue_7)
                0x00405e90                ___CTOR_LIST__ = .
                0x00405e90                __CTOR_LIST__ = .
                0x00405e90        0x4 LONG 0xffffffff
 *(.ctors)
 *(.ctor)
 *(SORT(.ctors.*))
                0x00405e94        0x4 LONG 0x0
                0x00405e98                ___DTOR_LIST__ = .
                0x00405e98                __DTOR_LIST__ = .
                0x00405e98        0x4 LONG 0xffffffff
 *(.dtors)
 *(.dtor)
 *(SORT(.dtors.*))
                0x00405e9c        0x4 LONG 0x0
 *(.fini)
 *(.gcc_exc)
                0x00405ea0                PROVIDE (etext, .)
 *(.gcc_except_table)

.data           0x00406000      0x200
                0x00406000                __data_start__ = .
 *(.data)
 .data          0x00406000        0x0 lib/crt0.o
 .data          0x00406000        0x0 lib/setjmp.o
 .data          0x00406000        0x0 lib/syscall-wrapper.o
 .data          0x00406000        0x0 vm86call.o
 .data          0x00406000        0x4 graphics.o
 .data          0x00406004        0x0 main.o
 .data          0x00406004        0x0 lib/sysconf.o
 .data          0x00406004        0x0 lib/math.o
 .data          0x00406004        0x0 lib/stdio.o
 .data          0x00406004        0x4 lib/stdlib.o
 .data          0x00406008        0x0 lib/qsort.o
 .data          0x00406008        0x0 ../lib/softfloat.o
 .data          0x00406008        0x0 ../lib/string.o
 .data          0x00406008        0x0 ../lib/memcpy.o
 .data          0x00406008        0x0 ../lib/memset.o
 .data          0x00406008        0x0 ../lib/snprintf.o
 .data          0x00406008        0x0 lib/malloc.o
 .data          0x00406008        0x0 ../lib/tlsf/tlsf.o
 *(.data2)
 *(SORT(.data$*))
 *(.jcr)
                0x00406008                __data_end__ = .
 *(.data_cygwin_nocopy)

.rdata          0x00407000      0xa00
 *(.rdata)
 .rdata         0x00407000       0x2c vm86call.o
 .rdata         0x0040702c      0x260 graphics.o
 .rdata         0x0040728c       0x40 main.o
 *fill*         0x004072cc       0x14 
 .rdata         0x004072e0       0xe0 lib/math.o
 .rdata         0x004073c0      0x100 ../lib/string.o
 .rdata         0x004074c0       0x20 ../lib/memcpy.o
 .rdata         0x004074e0      0x328 ../lib/snprintf.o
 *(SORT(.rdata$*))
                0x00407808                __rt_psrelocs_start = .
 *(.rdata_runtime_pseudo_reloc)
                0x00407808                __rt_psrelocs_end = .
                0x00000000                __rt_psrelocs_size = (__rt_psrelocs_end - __rt_psrelocs_start)
                0x00407808                ___RUNTIME_PSEUDO_RELOC_LIST_END__ = .
                0x00407808                __RUNTIME_PSEUDO_RELOC_LIST_END__ = .
                0x00407808                ___RUNTIME_PSEUDO_RELOC_LIST__ = (. - __rt_psrelocs_size)
                0x00407808                __RUNTIME_PSEUDO_RELOC_LIST__ = (. - __rt_psrelocs_size)

.eh_frame       0x00408000     0x1400
 *(.eh_frame*)
 .eh_frame      0x00408000       0x70 vm86call.o
 .eh_frame      0x00408070      0x1d4 graphics.o
 .eh_frame      0x00408244       0x4c main.o
 .eh_frame      0x00408290       0x2c lib/sysconf.o
 .eh_frame      0x004082bc      0x180 lib/math.o
 .eh_frame      0x0040843c      0x118 lib/stdio.o
 .eh_frame      0x00408554      0x1bc lib/stdlib.o
 .eh_frame      0x00408710       0x70 lib/qsort.o
 .eh_frame      0x00408780      0x108 ../lib/softfloat.o
 .eh_frame      0x00408888      0x268 ../lib/string.o
 .eh_frame      0x00408af0       0x70 ../lib/memcpy.o
 .eh_frame      0x00408b60       0x64 ../lib/memset.o
 .eh_frame      0x00408bc4      0x130 ../lib/snprintf.o
 .eh_frame      0x00408cf4       0xa4 lib/malloc.o
 .eh_frame      0x00408d98      0x4f4 ../lib/tlsf/tlsf.o

.pdata
 *(.pdata)

.bss            0x0040a000      0x344
                0x0040a000                __bss_start__ = .
 *(.bss)
 .bss           0x0040a000        0x0 lib/crt0.o
 .bss           0x0040a000        0x0 lib/setjmp.o
 .bss           0x0040a000        0x0 lib/syscall-wrapper.o
 .bss           0x0040a000        0x0 vm86call.o
 .bss           0x0040a000      0x340 graphics.o
                0x0040a000                g_graphic_dev
 .bss           0x0040a340        0x0 main.o
 .bss           0x0040a340        0x0 lib/sysconf.o
 .bss           0x0040a340        0x0 lib/math.o
 .bss           0x0040a340        0x0 lib/stdio.o
 .bss           0x0040a340        0x0 lib/stdlib.o
 .bss           0x0040a340        0x0 lib/qsort.o
 .bss           0x0040a340        0x0 ../lib/softfloat.o
 .bss           0x0040a340        0x0 ../lib/string.o
 .bss           0x0040a340        0x0 ../lib/memcpy.o
 .bss           0x0040a340        0x0 ../lib/memset.o
 .bss           0x0040a340        0x0 ../lib/snprintf.o
 .bss           0x0040a340        0x0 lib/malloc.o
 .bss           0x0040a340        0x0 ../lib/tlsf/tlsf.o
 *(COMMON)
 COMMON         0x0040a340        0x4 lib/malloc.o
                0x0040a340                g_heap
                0x0040a344                __bss_end__ = .

.edata
 *(.edata)

/DISCARD/
 *(.debug$S)
 *(.debug$T)
 *(.debug$F)
 *(.drectve)
 *(.note.GNU-stack)
 *(.gnu.lto_*)

.idata          0x0040b000      0x200
 SORT(*)(.idata$2)
 SORT(*)(.idata$3)
                0x0040b000        0x4 LONG 0x0
                0x0040b004        0x4 LONG 0x0
                0x0040b008        0x4 LONG 0x0
                0x0040b00c        0x4 LONG 0x0
                0x0040b010        0x4 LONG 0x0
 SORT(*)(.idata$4)
                0x0040b014                __IAT_start__ = .
 SORT(*)(.idata$5)
                0x0040b014                __IAT_end__ = .
 SORT(*)(.idata$6)
 SORT(*)(.idata$7)

.CRT            0x0040c000        0x0
                0x0040c000                ___crt_xc_start__ = .
 *(SORT(.CRT$XC*))
                0x0040c000                ___crt_xc_end__ = .
                0x0040c000                ___crt_xi_start__ = .
 *(SORT(.CRT$XI*))
                0x0040c000                ___crt_xi_end__ = .
                0x0040c000                ___crt_xl_start__ = .
 *(SORT(.CRT$XL*))
                0x0040c000                ___crt_xp_start__ = .
 *(SORT(.CRT$XP*))
                0x0040c000                ___crt_xp_end__ = .
                0x0040c000                ___crt_xt_start__ = .
 *(SORT(.CRT$XT*))
                0x0040c000                ___crt_xt_end__ = .

.tls            0x0040c000        0x0
                0x0040c000                ___tls_start__ = .
 *(.tls)
 *(.tls$)
 *(SORT(.tls$*))
                0x0040c000                ___tls_end__ = .

.endjunk        0x0040c000        0x0
                0x0040c000                PROVIDE (end, .)
                0x0040c000                PROVIDE (_end, .)
                0x0040c000                __end__ = .

.rsrc
 *(.rsrc)
 *(SORT(.rsrc$*))

.reloc
 *(.reloc)

.stab
 *(.stab)

.stabstr
 *(.stabstr)

.debug_aranges  0x0040c000      0x200
 *(.debug_aranges)
 .debug_aranges
                0x0040c000       0x20 vm86call.o
 .debug_aranges
                0x0040c020       0x20 graphics.o
 .debug_aranges
                0x0040c040       0x28 main.o
 .debug_aranges
                0x0040c068       0x20 lib/sysconf.o
 .debug_aranges
                0x0040c088       0x20 lib/math.o
 .debug_aranges
                0x0040c0a8       0x20 lib/stdio.o
 .debug_aranges
                0x0040c0c8       0x20 lib/stdlib.o
 .debug_aranges
                0x0040c0e8       0x20 lib/qsort.o
 .debug_aranges
                0x0040c108       0x20 ../lib/softfloat.o
 .debug_aranges
                0x0040c128       0x20 ../lib/string.o
 .debug_aranges
                0x0040c148       0x20 ../lib/memcpy.o
 .debug_aranges
                0x0040c168       0x20 ../lib/memset.o
 .debug_aranges
                0x0040c188       0x20 ../lib/snprintf.o
 .debug_aranges
                0x0040c1a8       0x20 lib/malloc.o
 .debug_aranges
                0x0040c1c8       0x20 ../lib/tlsf/tlsf.o

.debug_pubnames
 *(.debug_pubnames)

.debug_pubtypes
 *(.debug_pubtypes)

.debug_info     0x0040d000     0x8a00
 *(.debug_info .gnu.linkonce.wi.*)
 .debug_info    0x0040d000      0x365 vm86call.o
 .debug_info    0x0040d365     0x131d graphics.o
 .debug_info    0x0040e682      0x326 main.o
 .debug_info    0x0040e9a8       0xa2 lib/sysconf.o
 .debug_info    0x0040ea4a      0x5eb lib/math.o
 .debug_info    0x0040f035      0x564 lib/stdio.o
 .debug_info    0x0040f599      0x811 lib/stdlib.o
 .debug_info    0x0040fdaa      0xe1a lib/qsort.o
 .debug_info    0x00410bc4      0x36d ../lib/softfloat.o
 .debug_info    0x00410f31      0x6be ../lib/string.o
 .debug_info    0x004115ef      0x2e8 ../lib/memcpy.o
 .debug_info    0x004118d7      0x1a2 ../lib/memset.o
 .debug_info    0x00411a79      0xeb6 ../lib/snprintf.o
 .debug_info    0x0041292f      0x34c lib/malloc.o
 .debug_info    0x00412c7b     0x2c8f ../lib/tlsf/tlsf.o

.debug_abbrev   0x00416000     0x1a00
 *(.debug_abbrev)
 .debug_abbrev  0x00416000      0x102 vm86call.o
 .debug_abbrev  0x00416102      0x319 graphics.o
 .debug_abbrev  0x0041641b      0x127 main.o
 .debug_abbrev  0x00416542       0x4a lib/sysconf.o
 .debug_abbrev  0x0041658c      0x19b lib/math.o
 .debug_abbrev  0x00416727      0x169 lib/stdio.o
 .debug_abbrev  0x00416890      0x234 lib/stdlib.o
 .debug_abbrev  0x00416ac4      0x1c1 lib/qsort.o
 .debug_abbrev  0x00416c85      0x131 ../lib/softfloat.o
 .debug_abbrev  0x00416db6      0x184 ../lib/string.o
 .debug_abbrev  0x00416f3a       0xab ../lib/memcpy.o
 .debug_abbrev  0x00416fe5       0x85 ../lib/memset.o
 .debug_abbrev  0x0041706a      0x21d ../lib/snprintf.o
 .debug_abbrev  0x00417287       0xf8 lib/malloc.o
 .debug_abbrev  0x0041737f      0x4b6 ../lib/tlsf/tlsf.o

.debug_line     0x00418000     0x1a00
 *(.debug_line)
 .debug_line    0x00418000       0xa3 vm86call.o
 .debug_line    0x004180a3      0x2cf graphics.o
 .debug_line    0x00418372       0x8a main.o
 .debug_line    0x004183fc       0x3d lib/sysconf.o
 .debug_line    0x00418439       0xfc lib/math.o
 .debug_line    0x00418535       0xd7 lib/stdio.o
 .debug_line    0x0041860c      0x248 lib/stdlib.o
 .debug_line    0x00418854      0x229 lib/qsort.o
 .debug_line    0x00418a7d       0xac ../lib/softfloat.o
 .debug_line    0x00418b29      0x14e ../lib/string.o
 .debug_line    0x00418c77      0x167 ../lib/memcpy.o
 .debug_line    0x00418dde       0xbf ../lib/memset.o
 .debug_line    0x00418e9d      0x654 ../lib/snprintf.o
 .debug_line    0x004194f1       0xa1 lib/malloc.o
 .debug_line    0x00419592      0x454 ../lib/tlsf/tlsf.o

.debug_frame
 *(.debug_frame*)

.debug_str      0x0041a000      0x200
 *(.debug_str)
 .debug_str     0x0041a000       0x5a graphics.o
 .debug_str     0x0041a05a        0x5 lib/stdio.o
 .debug_str     0x0041a05f        0x9 lib/qsort.o
 .debug_str     0x0041a068       0x17 ../lib/memcpy.o
 .debug_str     0x0041a07f       0x53 ../lib/snprintf.o
 .debug_str     0x0041a0d2        0x6 lib/malloc.o
 .debug_str     0x0041a0d8       0x6e ../lib/tlsf/tlsf.o

.debug_loc      0x0041b000     0xa600
 *(.debug_loc)
 .debug_loc     0x0041b000      0x230 vm86call.o
 .debug_loc     0x0041b230      0xa06 graphics.o
 .debug_loc     0x0041bc36       0x7e main.o
 .debug_loc     0x0041bcb4      0x49b lib/math.o
 .debug_loc     0x0041c14f      0x338 lib/stdio.o
 .debug_loc     0x0041c487      0xdf1 lib/stdlib.o
 .debug_loc     0x0041d278     0x16cc lib/qsort.o
 .debug_loc     0x0041e944      0x514 ../lib/softfloat.o
 .debug_loc     0x0041ee58      0xc06 ../lib/string.o
 .debug_loc     0x0041fa5e      0x979 ../lib/memcpy.o
 .debug_loc     0x004203d7      0x23e ../lib/memset.o
 .debug_loc     0x00420615     0x2b75 ../lib/snprintf.o
 .debug_loc     0x0042318a      0x135 lib/malloc.o
 .debug_loc     0x004232bf     0x21a0 ../lib/tlsf/tlsf.o

.debug_macinfo
 *(.debug_macinfo)

.debug_weaknames
 *(.debug_weaknames)

.debug_funcnames
 *(.debug_funcnames)

.debug_typenames
 *(.debug_typenames)

.debug_varnames
 *(.debug_varnames)

.debug_macro
 *(.debug_macro)

.debug_ranges   0x00426000      0xa00
 *(.debug_ranges)
 .debug_ranges  0x00426000       0xd8 graphics.o
 .debug_ranges  0x004260d8       0x18 main.o
 .debug_ranges  0x004260f0       0x38 lib/math.o
 .debug_ranges  0x00426128       0xb0 lib/stdlib.o
 .debug_ranges  0x004261d8      0x298 lib/qsort.o
 .debug_ranges  0x00426470       0x30 ../lib/softfloat.o
 .debug_ranges  0x004264a0       0x40 ../lib/string.o
 .debug_ranges  0x004264e0       0x48 ../lib/memcpy.o
 .debug_ranges  0x00426528      0x1b0 ../lib/snprintf.o
 .debug_ranges  0x004266d8      0x1d8 ../lib/tlsf/tlsf.o

.debug_types
 *(.debug_types .gnu.linkonce.wt.*)
OUTPUT(a.out pei-i386)
